[dsahathemes.in/templates/deetemplate/website/dark/index.html]
[backblue.gif]
[fade.gif]
[index.html]
[dsahathemes.in/templates/deetemplate/website/dark/favicon.png]
[dsahathemes.in/templates/deetemplate/website/dark/apple-touch-icon.png]
[dsahathemes.in/templates/deetemplate/website/dark/js/modernizr-2.8.3-respond-1.4.2.min.js]
[dsahathemes.in/templates/deetemplate/website/dark/images/background.jpg]
[dsahathemes.in/templates/deetemplate/website/dark/images/logo.png]
[dsahathemes.in/templates/deetemplate/website/dark/images/portfolio/1.jpg]
[dsahathemes.in/templates/deetemplate/website/dark/images/portfolio/2.jpg]
[dsahathemes.in/templates/deetemplate/website/dark/images/portfolio/3.jpg]
[dsahathemes.in/templates/deetemplate/website/dark/images/portfolio/4.jpg]
[dsahathemes.in/templates/deetemplate/website/dark/images/portfolio/5.jpg]
[dsahathemes.in/templates/deetemplate/website/dark/images/portfolio/6.jpg]
[dsahathemes.in/templates/deetemplate/website/dark/images/portfolio/7.jpg]
[dsahathemes.in/templates/deetemplate/website/dark/images/portfolio/8.jpg]
[dsahathemes.in/templates/deetemplate/website/dark/images/portfolio/9.jpg]
[dsahathemes.in/templates/deetemplate/website/dark/images/portfolio/10.jpg]
[dsahathemes.in/templates/deetemplate/website/dark/images/portfolio/11.jpg]
[dsahathemes.in/templates/deetemplate/website/dark/images/portfolio/12.jpg]
[dsahathemes.in/templates/deetemplate/website/dark/images/client1.png]
[dsahathemes.in/templates/deetemplate/website/dark/images/client2.png]
[dsahathemes.in/templates/deetemplate/website/dark/images/client3.png]
[dsahathemes.in/templates/deetemplate/website/dark/images/client4.png]
[dsahathemes.in/templates/deetemplate/website/dark/images/client5.png]
[dsahathemes.in/templates/deetemplate/website/dark/images/client6.png]
[dsahathemes.in/templates/deetemplate/website/dark/images/man1.png]
[dsahathemes.in/templates/deetemplate/website/dark/images/man2.png]
[dsahathemes.in/templates/deetemplate/website/dark/images/man3.png]
[dsahathemes.in/templates/deetemplate/website/dark/images/man4.png]
[dsahathemes.in/templates/deetemplate/website/dark/images/man5.png]
[dsahathemes.in/templates/deetemplate/website/dark/images/team1.jpg]
[dsahathemes.in/templates/deetemplate/website/dark/images/team2.jpg]
[dsahathemes.in/templates/deetemplate/website/dark/images/team3.jpg]
[dsahathemes.in/templates/deetemplate/website/dark/images/team4.jpg]
[dsahathemes.in/templates/deetemplate/website/dark/images/blog1.jpg]
[dsahathemes.in/templates/deetemplate/website/dark/images/blog2.jpg]
[dsahathemes.in/templates/deetemplate/website/dark/images/blog3.jpg]
[dsahathemes.in/templates/deetemplate/website/dark/js/jquery-3.2.1.min.js]
[dsahathemes.in/templates/deetemplate/website/dark/js/bootstrap.min.js]
[dsahathemes.in/templates/deetemplate/website/dark/js/jquery.easing.min.js]
[dsahathemes.in/templates/deetemplate/website/dark/js/Parallax.min.js]
[dsahathemes.in/templates/deetemplate/website/dark/js/text-animation.js]
[dsahathemes.in/templates/deetemplate/website/dark/js/wow.min.js]
[dsahathemes.in/templates/deetemplate/website/dark/js/jquery.counterup.min.js]
[dsahathemes.in/templates/deetemplate/website/dark/js/jquery.waypoints.min.js]
[dsahathemes.in/templates/deetemplate/website/dark/js/isotope.min.js]
[dsahathemes.in/templates/deetemplate/website/dark/js/jquery.fancybox.pack.js]
[dsahathemes.in/templates/deetemplate/website/dark/js/owl.carousel.min.js]
[dsahathemes.in/templates/deetemplate/website/dark/js/main.js]
[dsahathemes.in/templates/deetemplate/website/dark/index.html]
[dsahathemes.in/templates/deetemplate/website/dark/favicon.html]
[dsahathemes.in/templates/deetemplate/website/dark/apple-touch-icon.html]
[dsahathemes.in/templates/deetemplate/website/dark/fonts/glyphicons-halflings-regular.eot]
[dsahathemes.in/templates/deetemplate/website/dark/fonts/glyphicons-halflings-regulard41d.eot]
[dsahathemes.in/templates/deetemplate/website/dark/fonts/glyphicons-halflings-regular.woff]
[dsahathemes.in/templates/deetemplate/website/dark/fonts/glyphicons-halflings-regular.ttf]
[dsahathemes.in/templates/deetemplate/website/dark/css/bootstrap.min.css]
[dsahathemes.in/templates/deetemplate/website/dark/images/fancybox_sprite.png]
[dsahathemes.in/templates/deetemplate/website/dark/images/fancybox_loading.gif]
[dsahathemes.in/templates/deetemplate/website/dark/images/blank.gif]
[dsahathemes.in/templates/deetemplate/website/dark/images/fancybox_overlay.png]
[dsahathemes.in/templates/deetemplate/website/dark/images/fancybox_sprite@2x.png]
[dsahathemes.in/templates/deetemplate/website/dark/images/fancybox_loading@2x.gif]
[dsahathemes.in/templates/deetemplate/website/dark/css/jquery.fancybox.css]
[dsahathemes.in/templates/deetemplate/website/dark/css/owl.video.play.png]
[dsahathemes.in/templates/deetemplate/website/dark/css/owl.carousel.min.css]
[dsahathemes.in/templates/deetemplate/website/dark/images/preloa.gif]
[dsahathemes.in/templates/deetemplate/website/dark/images/up-arrow.png]
[dsahathemes.in/templates/deetemplate/website/dark/images/background2.jpg]
[dsahathemes.in/templates/deetemplate/website/dark/css/theme.css]
[dsahathemes.in/templates/deetemplate/website/dark/font-awesome/fonts/fontawesome-webfont5b62.eot]
[dsahathemes.in/templates/deetemplate/website/dark/font-awesome/fonts/fontawesome-webfontd41d.eot]
[dsahathemes.in/templates/deetemplate/website/dark/font-awesome/fonts/fontawesome-webfont5b62.woff2]
[dsahathemes.in/templates/deetemplate/website/dark/font-awesome/fonts/fontawesome-webfont5b62.woff]
[dsahathemes.in/templates/deetemplate/website/dark/font-awesome/fonts/fontawesome-webfont5b62.ttf]
[dsahathemes.in/templates/deetemplate/website/dark/font-awesome/css/font-awesome.min.css]
[dsahathemes.in/templates/deetemplate/website/dark/css/animate.css]
[dsahathemes.in/templates/deetemplate/website/dark/images/play-button.svg]
[dsahathemes.in/templates/deetemplate/website/dark/fonts/glyphicons-halflings-regular.svg]
[dsahathemes.in/templates/deetemplate/website/dark/images/blank.html]
[dsahathemes.in/templates/deetemplate/website/dark/css/owl.video.play.html]
[dsahathemes.in/templates/deetemplate/website/dark/font-awesome/fonts/fontawesome-webfont5b62.svg]
